SQL> -- ASSIGNMENT ON EXPRESSION --
SQL> -- 1. WAQTD NAME OF THE EMPLOYEE ALONG WITH THEIR ANNUAL SALARY .
SQL> SELECT ENAME , SAL *12 "ANNUAL SALARY"
  2  FROM EMP ;

ENAME      ANNUAL SALARY                                                                                                                                                                                
---------- -------------                                                                                                                                                                                
SMITH               9600                                                                                                                                                                                
ALLEN              19200                                                                                                                                                                                
WARD               15000                                                                                                                                                                                
JONES              35700                                                                                                                                                                                
MARTIN             15000                                                                                                                                                                                
BLAKE              34200                                                                                                                                                                                
CLARK              29400                                                                                                                                                                                
SCOTT              36000                                                                                                                                                                                
KING               60000                                                                                                                                                                                
TURNER             18000                                                                                                                                                                                
ADAMS              13200                                                                                                                                                                                
JAMES              11400                                                                                                                                                                                
FORD               36000                                                                                                                                                                                
MILLER             15600                                                                                                                                                                                

14 rows selected.

SQL> -- 2. WAQTD ENAME AND JOB FOR ALL THE EMPLOYEE WITH THEIR HALF TERM SALARY
SQL> SELECT ENAME, JOB , (SAL *12)/2 "HALF TERM SALARY "
  2  FROM EMP
  3  ;

ENAME      JOB       HALF TERM SALARY                                                                                                                                                                   
---------- --------- -----------------                                                                                                                                                                  
SMITH      CLERK                  4800                                                                                                                                                                  
ALLEN      SALESMAN               9600                                                                                                                                                                  
WARD       SALESMAN               7500                                                                                                                                                                  
JONES      MANAGER               17850                                                                                                                                                                  
MARTIN     SALESMAN               7500                                                                                                                                                                  
BLAKE      MANAGER               17100                                                                                                                                                                  
CLARK      MANAGER               14700                                                                                                                                                                  
SCOTT      ANALYST               18000                                                                                                                                                                  
KING       PRESIDENT             30000                                                                                                                                                                  
TURNER     SALESMAN               9000                                                                                                                                                                  
ADAMS      CLERK                  6600                                                                                                                                                                  
JAMES      CLERK                  5700                                                                                                                                                                  
FORD       ANALYST               18000                                                                                                                                                                  
MILLER     CLERK                  7800                                                                                                                                                                  

14 rows selected.

SQL> SELECT ENAME, JOB , (SAL *12)/2 "HALF TERM SALARY " , SAL
  2  FROM EMP ;

ENAME      JOB       HALF TERM SALARY         SAL                                                                                                                                                       
---------- --------- ----------------- ----------                                                                                                                                                       
SMITH      CLERK                  4800        800                                                                                                                                                       
ALLEN      SALESMAN               9600       1600                                                                                                                                                       
WARD       SALESMAN               7500       1250                                                                                                                                                       
JONES      MANAGER               17850       2975                                                                                                                                                       
MARTIN     SALESMAN               7500       1250                                                                                                                                                       
BLAKE      MANAGER               17100       2850                                                                                                                                                       
CLARK      MANAGER               14700       2450                                                                                                                                                       
SCOTT      ANALYST               18000       3000                                                                                                                                                       
KING       PRESIDENT             30000       5000                                                                                                                                                       
TURNER     SALESMAN               9000       1500                                                                                                                                                       
ADAMS      CLERK                  6600       1100                                                                                                                                                       
JAMES      CLERK                  5700        950                                                                                                                                                       
FORD       ANALYST               18000       3000                                                                                                                                                       
MILLER     CLERK                  7800       1300                                                                                                                                                       

14 rows selected.

SQL> -- 3. WAQTD ALL THE DETAILS OF THE EMPLOYEE ALONG WITH AN ANNUAL SALARY BONUS OF 2000 .
SQL> SELECT *
  2  FROM ;
FROM 
    *
ERROR at line 2:
ORA-00903: invalid table name 


SQL> SELECT * , SAL , SAL *12 "ANNUAL SALARY" , SAL*12 + 2000 "BONUS FINAL SALARY"
  2  FROM EMP ;
SELECT * , SAL , SAL *12 "ANNUAL SALARY" , SAL*12 + 2000 "BONUS FINAL SALARY"
         *
ERROR at line 1:
ORA-00923: FROM keyword not found where expected 


SQL> SELECT E.* ,
  2  SAL * 12 "ANNUAL SALARY" , (SAL *12) +2000 "FINAL_SALARY"
  3  FROM EMP E ;

     EMPNO ENAME      JOB              MGR HIREDATE         SAL       COMM     DEPTNO ANNUAL SALARY FINAL_SALARY                                                                                        
---------- ---------- --------- ---------- --------- ---------- ---------- ---------- ------------- ------------                                                                                        
      7369 SMITH      CLERK           7902 17-DEC-80        800                    20          9600        11600                                                                                        
      7499 ALLEN      SALESMAN        7698 20-FEB-81       1600        300         30         19200        21200                                                                                        
      7521 WARD       SALESMAN        7698 22-FEB-81       1250        500         30         15000        17000                                                                                        
      7566 JONES      MANAGER         7839 02-APR-81       2975                    20         35700        37700                                                                                        
      7654 MARTIN     SALESMAN        7698 28-SEP-81       1250       1400         30         15000        17000                                                                                        
      7698 BLAKE      MANAGER         7839 01-MAY-81       2850                    30         34200        36200                                                                                        
      7782 CLARK      MANAGER         7839 09-JUN-81       2450                    10         29400        31400                                                                                        
      7788 SCOTT      ANALYST         7566 19-APR-87       3000                    20         36000        38000                                                                                        
      7839 KING       PRESIDENT            17-NOV-81       5000                    10         60000        62000                                                                                        
      7844 TURNER     SALESMAN        7698 08-SEP-81       1500          0         30         18000        20000                                                                                        
      7876 ADAMS      CLERK           7788 23-MAY-87       1100                    20         13200        15200                                                                                        
      7900 JAMES      CLERK           7698 03-DEC-81        950                    30         11400        13400                                                                                        
      7902 FORD       ANALYST         7566 03-DEC-81       3000                    20         36000        38000                                                                                        
      7934 MILLER     CLERK           7782 23-JAN-82       1300                    10         15600        17600                                                                                        

14 rows selected.

SQL> -- 4. WAQTD NAME , SALARY AND SALARY WITH HIKE OF 200 RS.
SQL> SELECT ENAME , SAL , SAL + 200 "HIKE_SALARY"
  2  FROM EMP ;

ENAME             SAL HIKE_SALARY                                                                                                                                                                       
---------- ---------- -----------                                                                                                                                                                       
SMITH             800        1000                                                                                                                                                                       
ALLEN            1600        1800                                                                                                                                                                       
WARD             1250        1450                                                                                                                                                                       
JONES            2975        3175                                                                                                                                                                       
MARTIN           1250        1450                                                                                                                                                                       
BLAKE            2850        3050                                                                                                                                                                       
CLARK            2450        2650                                                                                                                                                                       
SCOTT            3000        3200                                                                                                                                                                       
KING             5000        5200                                                                                                                                                                       
TURNER           1500        1700                                                                                                                                                                       
ADAMS            1100        1300                                                                                                                                                                       
JAMES             950        1150                                                                                                                                                                       
FORD             3000        3200                                                                                                                                                                       
MILLER           1300        1500                                                                                                                                                                       

14 rows selected.

SQL> -- 5. WAQTD NAME AND SALARY WITH THE DEDUCTION OF 25% .
SQL> SELECT ENAME , SAL , SAL - (SAL * 25/100)
  2  "DEDUCTED SALARY"
  3  FROM EMP ;

ENAME             SAL DEDUCTED SALARY                                                                                                                                                                   
---------- ---------- ---------------                                                                                                                                                                   
SMITH             800             600                                                                                                                                                                   
ALLEN            1600            1200                                                                                                                                                                   
WARD             1250           937.5                                                                                                                                                                   
JONES            2975         2231.25                                                                                                                                                                   
MARTIN           1250           937.5                                                                                                                                                                   
BLAKE            2850          2137.5                                                                                                                                                                   
CLARK            2450          1837.5                                                                                                                                                                   
SCOTT            3000            2250                                                                                                                                                                   
KING             5000            3750                                                                                                                                                                   
TURNER           1500            1125                                                                                                                                                                   
ADAMS            1100             825                                                                                                                                                                   
JAMES             950           712.5                                                                                                                                                                   
FORD             3000            2250                                                                                                                                                                   
MILLER           1300             975                                                                                                                                                                   

14 rows selected.

SQL> -- 6. WAQTD NAME AND SALARY WITH THE MONTHLY HIKE OF 50 .
SQL> SELECT ENAME , SAL +50 "MONTH_HIKE_SAL"
  2  FROM EMP ;

ENAME      MONTH_HIKE_SAL                                                                                                                                                                               
---------- --------------                                                                                                                                                                               
SMITH                 850                                                                                                                                                                               
ALLEN                1650                                                                                                                                                                               
WARD                 1300                                                                                                                                                                               
JONES                3025                                                                                                                                                                               
MARTIN               1300                                                                                                                                                                               
BLAKE                2900                                                                                                                                                                               
CLARK                2500                                                                                                                                                                               
SCOTT                3050                                                                                                                                                                               
KING                 5050                                                                                                                                                                               
TURNER               1550                                                                                                                                                                               
ADAMS                1150                                                                                                                                                                               
JAMES                1000                                                                                                                                                                               
FORD                 3050                                                                                                                                                                               
MILLER               1350                                                                                                                                                                               

14 rows selected.

SQL> -- 7. WAQTD TOTAL SALARY GIVEN TO EACH EMPLOYEE (SAL + COMM)
SQL> SELECT SAL + COMM "TOTAL SALARY"
  2  FROM EMP;

TOTAL SALARY                                                                                                                                                                                            
------------                                                                                                                                                                                            
                                                                                                                                                                                                        
        1900                                                                                                                                                                                            
        1750                                                                                                                                                                                            
                                                                                                                                                                                                        
        2650                                                                                                                                                                                            
                                                                                                                                                                                                        
                                                                                                                                                                                                        
                                                                                                                                                                                                        
                                                                                                                                                                                                        
        1500                                                                                                                                                                                            
                                                                                                                                                                                                        
                                                                                                                                                                                                        
                                                                                                                                                                                                        
                                                                                                                                                                                                        

14 rows selected.

SQL> SELECT E.* , SAL + COMM "TOTAL SALARY"
  2  FROM EMP E ;

     EMPNO ENAME      JOB              MGR HIREDATE         SAL       COMM     DEPTNO TOTAL SALARY                                                                                                      
---------- ---------- --------- ---------- --------- ---------- ---------- ---------- ------------                                                                                                      
      7369 SMITH      CLERK           7902 17-DEC-80        800                    20                                                                                                                   
      7499 ALLEN      SALESMAN        7698 20-FEB-81       1600        300         30         1900                                                                                                      
      7521 WARD       SALESMAN        7698 22-FEB-81       1250        500         30         1750                                                                                                      
      7566 JONES      MANAGER         7839 02-APR-81       2975                    20                                                                                                                   
      7654 MARTIN     SALESMAN        7698 28-SEP-81       1250       1400         30         2650                                                                                                      
      7698 BLAKE      MANAGER         7839 01-MAY-81       2850                    30                                                                                                                   
      7782 CLARK      MANAGER         7839 09-JUN-81       2450                    10                                                                                                                   
      7788 SCOTT      ANALYST         7566 19-APR-87       3000                    20                                                                                                                   
      7839 KING       PRESIDENT            17-NOV-81       5000                    10                                                                                                                   
      7844 TURNER     SALESMAN        7698 08-SEP-81       1500          0         30         1500                                                                                                      
      7876 ADAMS      CLERK           7788 23-MAY-87       1100                    20                                                                                                                   
      7900 JAMES      CLERK           7698 03-DEC-81        950                    30                                                                                                                   
      7902 FORD       ANALYST         7566 03-DEC-81       3000                    20                                                                                                                   
      7934 MILLER     CLERK           7782 23-JAN-82       1300                    10                                                                                                                   

14 rows selected.

SQL> -- 8. WAQTD NAME AND ANNUAL SALARY WITH THE DEDUCTION OF 10 % .
SQL> SELECT ENAME , SAL *12 "ANNUAL SALARY" , (SAL *12) - (SAL*12) * 10/100 ;
SELECT ENAME , SAL *12 "ANNUAL SALARY" , (SAL *12) - (SAL*12) * 10/100 
                                                                      *
ERROR at line 1:
ORA-00923: FROM keyword not found where expected 


SQL>  SELECT ENAME , SAL *12 "ANNUAL SALARY" , (SAL *12) - (SAL*12) * 10/100 ;
 SELECT ENAME , SAL *12 "ANNUAL SALARY" , (SAL *12) - (SAL*12) * 10/100 
                                                                       *
ERROR at line 1:
ORA-00923: FROM keyword not found where expected 


SQL>  SELECT ENAME , SAL *12 "ANNUAL SALARY" , (SAL *12) - (SAL*12) * 10/100
  2  FROM EMP ;

ENAME      ANNUAL SALARY (SAL*12)-(SAL*12)*10/100                                                                                                                                                       
---------- ------------- ------------------------                                                                                                                                                       
SMITH               9600                     8640                                                                                                                                                       
ALLEN              19200                    17280                                                                                                                                                       
WARD               15000                    13500                                                                                                                                                       
JONES              35700                    32130                                                                                                                                                       
MARTIN             15000                    13500                                                                                                                                                       
BLAKE              34200                    30780                                                                                                                                                       
CLARK              29400                    26460                                                                                                                                                       
SCOTT              36000                    32400                                                                                                                                                       
KING               60000                    54000                                                                                                                                                       
TURNER             18000                    16200                                                                                                                                                       
ADAMS              13200                    11880                                                                                                                                                       
JAMES              11400                    10260                                                                                                                                                       
FORD               36000                    32400                                                                                                                                                       
MILLER             15600                    14040                                                                                                                                                       

14 rows selected.

SQL>  SELECT ENAME , SAL *12 "ANNUAL SALARY" , (SAL *12) - (SAL*12) * 10/100 "DEDUCT ANNUAL SALARY"
  2  FROM EMP ;

ENAME      ANNUAL SALARY DEDUCT ANNUAL SALARY                                                                                                                                                           
---------- ------------- --------------------                                                                                                                                                           
SMITH               9600                 8640                                                                                                                                                           
ALLEN              19200                17280                                                                                                                                                           
WARD               15000                13500                                                                                                                                                           
JONES              35700                32130                                                                                                                                                           
MARTIN             15000                13500                                                                                                                                                           
BLAKE              34200                30780                                                                                                                                                           
CLARK              29400                26460                                                                                                                                                           
SCOTT              36000                32400                                                                                                                                                           
KING               60000                54000                                                                                                                                                           
TURNER             18000                16200                                                                                                                                                           
ADAMS              13200                11880                                                                                                                                                           
JAMES              11400                10260                                                                                                                                                           
FORD               36000                32400                                                                                                                                                           
MILLER             15600                14040                                                                                                                                                           

14 rows selected.

SQL> -- 9. WAQTD DETAILS OF ALL THE EMPLOYEES ALONG WITH ANNUAL SALARY .
SQL> SELECR E.* , SAL *12 "ANNUAL SALARY"
SP2-0734: unknown command beginning "SELECR E.*..." - rest of line ignored.
SQL> SELECR E.* , SAL *12 "ANNUAL SALARY"
SP2-0734: unknown command beginning "SELECR E.*..." - rest of line ignored.
SQL> SELECR E.* , SAL *12 "ANNUAL SALARY" FROM EMP E ;
SP2-0734: unknown command beginning "SELECR E.*..." - rest of line ignored.
SQL> SELECT E.* , SAL *12 "ANNUAL SALARY"
  2  FROM EMP ;
SELECT E.* , SAL *12 "ANNUAL SALARY"
         *
ERROR at line 1:
ORA-00904: "E": invalid identifier 


SQL> SELECT E.* , SAL *12 "ANNUAL SALARY"
  2  FROM EMP E ;

     EMPNO ENAME      JOB              MGR HIREDATE         SAL       COMM     DEPTNO ANNUAL SALARY                                                                                                     
---------- ---------- --------- ---------- --------- ---------- ---------- ---------- -------------                                                                                                     
      7369 SMITH      CLERK           7902 17-DEC-80        800                    20          9600                                                                                                     
      7499 ALLEN      SALESMAN        7698 20-FEB-81       1600        300         30         19200                                                                                                     
      7521 WARD       SALESMAN        7698 22-FEB-81       1250        500         30         15000                                                                                                     
      7566 JONES      MANAGER         7839 02-APR-81       2975                    20         35700                                                                                                     
      7654 MARTIN     SALESMAN        7698 28-SEP-81       1250       1400         30         15000                                                                                                     
      7698 BLAKE      MANAGER         7839 01-MAY-81       2850                    30         34200                                                                                                     
      7782 CLARK      MANAGER         7839 09-JUN-81       2450                    10         29400                                                                                                     
      7788 SCOTT      ANALYST         7566 19-APR-87       3000                    20         36000                                                                                                     
      7839 KING       PRESIDENT            17-NOV-81       5000                    10         60000                                                                                                     
      7844 TURNER     SALESMAN        7698 08-SEP-81       1500          0         30         18000                                                                                                     
      7876 ADAMS      CLERK           7788 23-MAY-87       1100                    20         13200                                                                                                     
      7900 JAMES      CLERK           7698 03-DEC-81        950                    30         11400                                                                                                     
      7902 FORD       ANALYST         7566 03-DEC-81       3000                    20         36000                                                                                                     
      7934 MILLER     CLERK           7782 23-JAN-82       1300                    10         15600                                                                                                     

14 rows selected.

SQL> -- 10 . WAQTD NAME AND DESIGNATION ALONG WITH PENALTY IN SALARY .
SQL> SELECT ENAME , JOB , SAL - 100 "PENALTY SALARY"
  2  FROM EMP ;

ENAME      JOB       PENALTY SALARY                                                                                                                                                                     
---------- --------- --------------                                                                                                                                                                     
SMITH      CLERK                700                                                                                                                                                                     
ALLEN      SALESMAN            1500                                                                                                                                                                     
WARD       SALESMAN            1150                                                                                                                                                                     
JONES      MANAGER             2875                                                                                                                                                                     
MARTIN     SALESMAN            1150                                                                                                                                                                     
BLAKE      MANAGER             2750                                                                                                                                                                     
CLARK      MANAGER             2350                                                                                                                                                                     
SCOTT      ANALYST             2900                                                                                                                                                                     
KING       PRESIDENT           4900                                                                                                                                                                     
TURNER     SALESMAN            1400                                                                                                                                                                     
ADAMS      CLERK               1000                                                                                                                                                                     
JAMES      CLERK                850                                                                                                                                                                     
FORD       ANALYST             2900                                                                                                                                                                     
MILLER     CLERK               1200                                                                                                                                                                     

14 rows selected.

SQL> -- ASSIGNMENT 3 COMPLETED SUCCESSULLY
SQL> SPOOL OFF
